// Jest Snapshot v1, https://goo.gl/fbAQLP

exports[`DateChanger Date is rendered 1`] = `
Object {
  "asFragment": [Function],
  "baseElement": <body>
    <div>
      <div
        class="sc-htpNat eoraiM"
      >
        <button
          class="sc-bdVaJa grEZJp"
          id="previous-day"
        >
          &lt;
        </button>
        <input
          class="sc-bwzfXH hEtCYp"
          id="date-day"
          type="text"
          value="13"
        />
        <input
          class="sc-bwzfXH hEtCYp"
          id="date-month"
          type="text"
          value="11"
        />
        <input
          class="sc-bwzfXH hEtCYp"
          id="date-year"
          type="text"
          value="2019"
        />
        <button
          class="sc-bdVaJa grEZJp"
          id="next-day"
        >
          &gt;
        </button>
        <button
          class="sc-bdVaJa grEZJp"
          id="current-date"
        >
          Current date
        </button>
      </div>
    </div>
  </body>,
  "container": <div>
    <div
      class="sc-htpNat eoraiM"
    >
      <button
        class="sc-bdVaJa grEZJp"
        id="previous-day"
      >
        &lt;
      </button>
      <input
        class="sc-bwzfXH hEtCYp"
        id="date-day"
        type="text"
        value="13"
      />
      <input
        class="sc-bwzfXH hEtCYp"
        id="date-month"
        type="text"
        value="11"
      />
      <input
        class="sc-bwzfXH hEtCYp"
        id="date-year"
        type="text"
        value="2019"
      />
      <button
        class="sc-bdVaJa grEZJp"
        id="next-day"
      >
        &gt;
      </button>
      <button
        class="sc-bdVaJa grEZJp"
        id="current-date"
      >
        Current date
      </button>
    </div>
  </div>,
  "debug": [Function],
  "findAllByAltText": [Function],
  "findAllByDisplayValue": [Function],
  "findAllByLabelText": [Function],
  "findAllByPlaceholderText": [Function],
  "findAllByRole": [Function],
  "findAllByTestId": [Function],
  "findAllByText": [Function],
  "findAllByTitle": [Function],
  "findByAltText": [Function],
  "findByDisplayValue": [Function],
  "findByLabelText": [Function],
  "findByPlaceholderText": [Function],
  "findByRole": [Function],
  "findByTestId": [Function],
  "findByText": [Function],
  "findByTitle": [Function],
  "getAllByAltText": [Function],
  "getAllByDisplayValue": [Function],
  "getAllByLabelText": [Function],
  "getAllByPlaceholderText": [Function],
  "getAllByRole": [Function],
  "getAllByTestId": [Function],
  "getAllByText": [Function],
  "getAllByTitle": [Function],
  "getByAltText": [Function],
  "getByDisplayValue": [Function],
  "getByLabelText": [Function],
  "getByPlaceholderText": [Function],
  "getByRole": [Function],
  "getByTestId": [Function],
  "getByText": [Function],
  "getByTitle": [Function],
  "queryAllByAltText": [Function],
  "queryAllByDisplayValue": [Function],
  "queryAllByLabelText": [Function],
  "queryAllByPlaceholderText": [Function],
  "queryAllByRole": [Function],
  "queryAllByTestId": [Function],
  "queryAllByText": [Function],
  "queryAllByTitle": [Function],
  "queryByAltText": [Function],
  "queryByDisplayValue": [Function],
  "queryByLabelText": [Function],
  "queryByPlaceholderText": [Function],
  "queryByRole": [Function],
  "queryByTestId": [Function],
  "queryByText": [Function],
  "queryByTitle": [Function],
  "rerender": [Function],
  "unmount": [Function],
}
`;
