// Jest Snapshot v1, https://goo.gl/fbAQLP

exports[`NewUser Rendering is ok 1`] = `
Object {
  "asFragment": [Function],
  "baseElement": <body>
    <div>
      <form
        class="sc-bdVaJa dkwtxO"
      >
        <input
          id="email"
          placeholder="Your e-mail"
          type="text"
          value=""
        />
        <input
          id="password"
          placeholder="Desired password"
          type="password"
          value=""
        />
        <input
          id="repeat-password"
          placeholder="Repeat password"
          type="password"
          value=""
        />
        <button
          id="create-user"
          type="submit"
        >
          Create new user
        </button>
      </form>
    </div>
  </body>,
  "container": <div>
    <form
      class="sc-bdVaJa dkwtxO"
    >
      <input
        id="email"
        placeholder="Your e-mail"
        type="text"
        value=""
      />
      <input
        id="password"
        placeholder="Desired password"
        type="password"
        value=""
      />
      <input
        id="repeat-password"
        placeholder="Repeat password"
        type="password"
        value=""
      />
      <button
        id="create-user"
        type="submit"
      >
        Create new user
      </button>
    </form>
  </div>,
  "debug": [Function],
  "findAllByAltText": [Function],
  "findAllByDisplayValue": [Function],
  "findAllByLabelText": [Function],
  "findAllByPlaceholderText": [Function],
  "findAllByRole": [Function],
  "findAllByTestId": [Function],
  "findAllByText": [Function],
  "findAllByTitle": [Function],
  "findByAltText": [Function],
  "findByDisplayValue": [Function],
  "findByLabelText": [Function],
  "findByPlaceholderText": [Function],
  "findByRole": [Function],
  "findByTestId": [Function],
  "findByText": [Function],
  "findByTitle": [Function],
  "getAllByAltText": [Function],
  "getAllByDisplayValue": [Function],
  "getAllByLabelText": [Function],
  "getAllByPlaceholderText": [Function],
  "getAllByRole": [Function],
  "getAllByTestId": [Function],
  "getAllByText": [Function],
  "getAllByTitle": [Function],
  "getByAltText": [Function],
  "getByDisplayValue": [Function],
  "getByLabelText": [Function],
  "getByPlaceholderText": [Function],
  "getByRole": [Function],
  "getByTestId": [Function],
  "getByText": [Function],
  "getByTitle": [Function],
  "queryAllByAltText": [Function],
  "queryAllByDisplayValue": [Function],
  "queryAllByLabelText": [Function],
  "queryAllByPlaceholderText": [Function],
  "queryAllByRole": [Function],
  "queryAllByTestId": [Function],
  "queryAllByText": [Function],
  "queryAllByTitle": [Function],
  "queryByAltText": [Function],
  "queryByDisplayValue": [Function],
  "queryByLabelText": [Function],
  "queryByPlaceholderText": [Function],
  "queryByRole": [Function],
  "queryByTestId": [Function],
  "queryByText": [Function],
  "queryByTitle": [Function],
  "rerender": [Function],
  "unmount": [Function],
}
`;
